woef
a
b
c
d
e
l
m
n
f
g
h
i
heer
o
s
ween
j
k
r
p
q
