<?xml version="1.0" encoding="UTF-8"?>
<Hello WeComeInPeace="ShootToKill">
<x>World</x>
</Hello>