1.000000e+00
2.000000e+00
6.666667e-01
false
true
inf
