Primes up to  5120000   356244
Primes up to  2560000   187134
Primes up to  1280000    98610
hello world
1234567
2134567
2314567
3214567
3124567
1324567
2341567
3241567
3421567
4321567
4231567
2431567
3412567
4312567
4132567
1432567
1342567
3142567
4123567
1423567
1243567
2143567
2413567
4213567
2345167
3245167
3425167
4325167
4235167
2435167
Pfannkuchen(7) = 16
