a
b
true
true
c
true
true
true
true
true
d
false
false
f
true
e
